E:/Code/apps/HOWDEN/insurai - trabajo/test/services/assistant_runner_test.rb:2: warning: C:/Ruby34-x64/lib/ruby/3.4.0/ostruct.rb was loaded from the standard library, but will no longer be part of the default gems starting from Ruby 3.5.0.
You can add ostruct to your Gemfile or gemspec to silence this warning.
Running 6 tests in a single process (parallelization threshold is 50)
Run options: --seed 50579

# Running:

E

Error:
AssistantRunnerTest#test_asks_for_new_row_when_allow_add_remove_rows_is_true:
ActiveRecord::StatementInvalid: PG::UndefinedTable: ERROR:  no existe la relaci├│n ┬½passages┬╗
LINE 9:  WHERE a.attrelid = '"passages"'::regclass
                            ^

    C:/Users/Rober/.gem/ruby/3.4.0/gems/activerecord-7.0.8.7/lib/active_record/connection_adapters/postgresql/database_statements.rb:19:in 'PG::Connection#exec'
    C:/Users/Rober/.gem/ruby/3.4.0/gems/activerecord-7.0.8.7/lib/active_record/connection_adapters/postgresql/database_statements.rb:19:in 'block (2 levels) in ActiveRecord::ConnectionAdapters::PostgreSQL::DatabaseStatements#query'
    C:/Users/Rober/.gem/ruby/3.4.0/gems/activesupport-7.0.8.7/lib/active_support/concurrency/share_lock.rb:187:in 'ActiveSupport::Concurrency::ShareLock#yield_shares'
    C:/Users/Rober/.gem/ruby/3.4.0/gems/activesupport-7.0.8.7/lib/active_support/dependencies/interlock.rb:41:in 'ActiveSupport::Dependencies::Interlock#permit_concurrent_loads'
    C:/Users/Rober/.gem/ruby/3.4.0/gems/activerecord-7.0.8.7/lib/active_record/connection_adapters/postgresql/database_statements.rb:18:in 'block in ActiveRecord::ConnectionAdapters::PostgreSQL::DatabaseStatements#query'
    C:/Users/Rober/.gem/ruby/3.4.0/gems/activesupport-7.0.8.7/lib/active_support/concurrency/load_interlock_aware_monitor.rb:25:in 'Thread.handle_interrupt'
    C:/Users/Rober/.gem/ruby/3.4.0/gems/activesupport-7.0.8.7/lib/active_support/concurrency/load_interlock_aware_monitor.rb:25:in 'block in ActiveSupport::Concurrency::LoadInterlockAwareMonitor#synchronize'
    C:/Users/Rober/.gem/ruby/3.4.0/gems/activesupport-7.0.8.7/lib/active_support/concurrency/load_interlock_aware_monitor.rb:21:in 'Thread.handle_interrupt'
    C:/Users/Rober/.gem/ruby/3.4.0/gems/activesupport-7.0.8.7/lib/active_support/concurrency/load_interlock_aware_monitor.rb:21:in 'ActiveSupport::Concurrency::LoadInterlockAwareMonitor#synchronize'
    C:/Users/Rober/.gem/ruby/3.4.0/gems/activerecord-7.0.8.7/lib/active_record/connection_adapters/abstract_adapter.rb:752:in 'block in ActiveRecord::ConnectionAdapters::AbstractAdapter#log'
    C:/Users/Rober/.gem/ruby/3.4.0/gems/activesupport-7.0.8.7/lib/active_support/notifications/instrumenter.rb:24:in 'ActiveSupport::Notifications::Instrumenter#instrument'
    C:/Users/Rober/.gem/ruby/3.4.0/gems/activerecord-7.0.8.7/lib/active_record/connection_adapters/abstract_adapter.rb:743:in 'ActiveRecord::ConnectionAdapters::AbstractAdapter#log'
    C:/Users/Rober/.gem/ruby/3.4.0/gems/activerecord-7.0.8.7/lib/active_record/connection_adapters/postgresql/database_statements.rb:17:in 'ActiveRecord::ConnectionAdapters::PostgreSQL::DatabaseStatements#query'
    C:/Users/Rober/.gem/ruby/3.4.0/gems/activerecord-7.0.8.7/lib/active_record/connection_adapters/postgresql_adapter.rb:916:in 'ActiveRecord::ConnectionAdapters::PostgreSQLAdapter#column_definitions'
    C:/Users/Rober/.gem/ruby/3.4.0/gems/activerecord-7.0.8.7/lib/active_record/connection_adapters/abstract/schema_statements.rb:117:in 'ActiveRecord::ConnectionAdapters::SchemaStatements#columns'
    C:/Users/Rober/.gem/ruby/3.4.0/gems/activerecord-7.0.8.7/lib/active_record/connection_adapters/schema_cache.rb:117:in 'block in ActiveRecord::ConnectionAdapters::SchemaCache#columns'
    C:/Users/Rober/.gem/ruby/3.4.0/gems/activerecord-7.0.8.7/lib/active_record/connection_adapters/schema_cache.rb:116:in 'Hash#fetch'
    C:/Users/Rober/.gem/ruby/3.4.0/gems/activerecord-7.0.8.7/lib/active_record/connection_adapters/schema_cache.rb:116:in 'ActiveRecord::ConnectionAdapters::SchemaCache#columns'
    C:/Users/Rober/.gem/ruby/3.4.0/gems/activerecord-7.0.8.7/lib/active_record/connection_adapters/schema_cache.rb:125:in 'block in ActiveRecord::ConnectionAdapters::SchemaCache#columns_hash'
    C:/Users/Rober/.gem/ruby/3.4.0/gems/activerecord-7.0.8.7/lib/active_record/connection_adapters/schema_cache.rb:124:in 'Hash#fetch'
    C:/Users/Rober/.gem/ruby/3.4.0/gems/activerecord-7.0.8.7/lib/active_record/connection_adapters/schema_cache.rb:124:in 'ActiveRecord::ConnectionAdapters::SchemaCache#columns_hash'
    C:/Users/Rober/.gem/ruby/3.4.0/gems/activerecord-7.0.8.7/lib/active_record/model_schema.rb:580:in 'ActiveRecord::ModelSchema::ClassMethods#load_schema!'
    C:/Users/Rober/.gem/ruby/3.4.0/gems/activerecord-7.0.8.7/lib/active_record/attributes.rb:264:in 'ActiveRecord::Attributes::ClassMethods#load_schema!'
    C:/Users/Rober/.gem/ruby/3.4.0/gems/activerecord-7.0.8.7/lib/active_record/encryption/encryptable_record.rb:122:in 'ActiveRecord::Encryption::EncryptableRecord::ClassMethods#load_schema!'
    C:/Users/Rober/.gem/ruby/3.4.0/gems/activerecord-7.0.8.7/lib/active_record/model_schema.rb:566:in 'block in ActiveRecord::ModelSchema::ClassMethods#load_schema'
    C:/Users/Rober/.gem/ruby/3.4.0/gems/activerecord-7.0.8.7/lib/active_record/model_schema.rb:563:in 'Monitor#synchronize'
    C:/Users/Rober/.gem/ruby/3.4.0/gems/activerecord-7.0.8.7/lib/active_record/model_schema.rb:563:in 'ActiveRecord::ModelSchema::ClassMethods#load_schema'
    C:/Users/Rober/.gem/ruby/3.4.0/gems/activerecord-7.0.8.7/lib/active_record/model_schema.rb:424:in 'ActiveRecord::ModelSchema::ClassMethods#columns'
    C:/Users/Rober/.gem/ruby/3.4.0/gems/activerecord-7.0.8.7/lib/active_record/model_schema.rb:493:in 'ActiveRecord::ModelSchema::ClassMethods#column_names'
    C:/Users/Rober/.gem/ruby/3.4.0/gems/activerecord-7.0.8.7/lib/active_record/timestamp.rb:64:in 'ActiveRecord::Timestamp::ClassMethods#timestamp_attributes_for_create_in_model'
    C:/Users/Rober/.gem/ruby/3.4.0/gems/activerecord-7.0.8.7/lib/active_record/timestamp.rb:74:in 'ActiveRecord::Timestamp::ClassMethods#all_timestamp_attributes_in_model'
    C:/Users/Rober/.gem/ruby/3.4.0/gems/activerecord-7.0.8.7/lib/active_record/fixture_set/model_metadata.rb:24:in 'ActiveRecord::FixtureSet::ModelMetadata#timestamp_column_names'
    C:/Users/Rober/.gem/ruby/3.4.0/gems/activerecord-7.0.8.7/lib/active_record/fixture_set/table_row.rb:106:in 'ActiveRecord::FixtureSet::TableRow#fill_timestamps'
    C:/Users/Rober/.gem/ruby/3.4.0/gems/activerecord-7.0.8.7/lib/active_record/fixture_set/table_row.rb:88:in 'ActiveRecord::FixtureSet::TableRow#fill_row_model_attributes'
    C:/Users/Rober/.gem/ruby/3.4.0/gems/activerecord-7.0.8.7/lib/active_record/fixture_set/table_row.rb:70:in 'ActiveRecord::FixtureSet::TableRow#initialize'
    C:/Users/Rober/.gem/ruby/3.4.0/gems/activerecord-7.0.8.7/lib/active_record/fixture_set/table_rows.rb:36:in 'Class#new'
    C:/Users/Rober/.gem/ruby/3.4.0/gems/activerecord-7.0.8.7/lib/active_record/fixture_set/table_rows.rb:36:in 'block in ActiveRecord::FixtureSet::TableRows#build_table_rows_from'
    C:/Users/Rober/.gem/ruby/3.4.0/gems/activerecord-7.0.8.7/lib/active_record/fixture_set/table_rows.rb:35:in 'Hash#each'
    C:/Users/Rober/.gem/ruby/3.4.0/gems/activerecord-7.0.8.7/lib/active_record/fixture_set/table_rows.rb:35:in 'Enumerable#map'
    C:/Users/Rober/.gem/ruby/3.4.0/gems/activerecord-7.0.8.7/lib/active_record/fixture_set/table_rows.rb:35:in 'ActiveRecord::FixtureSet::TableRows#build_table_rows_from'
    C:/Users/Rober/.gem/ruby/3.4.0/gems/activerecord-7.0.8.7/lib/active_record/fixture_set/table_rows.rb:18:in 'ActiveRecord::FixtureSet::TableRows#initialize'
    C:/Users/Rober/.gem/ruby/3.4.0/gems/activerecord-7.0.8.7/lib/active_record/fixtures.rb:684:in 'Class#new'
    C:/Users/Rober/.gem/ruby/3.4.0/gems/activerecord-7.0.8.7/lib/active_record/fixtures.rb:684:in 'ActiveRecord::FixtureSet#table_rows'
    C:/Users/Rober/.gem/ruby/3.4.0/gems/activerecord-7.0.8.7/lib/active_record/fixtures.rb:625:in 'block (2 levels) in ActiveRecord::FixtureSet.insert'
    C:/Users/Rober/.gem/ruby/3.4.0/gems/activerecord-7.0.8.7/lib/active_record/fixtures.rb:624:in 'Array#each'
    C:/Users/Rober/.gem/ruby/3.4.0/gems/activerecord-7.0.8.7/lib/active_record/fixtures.rb:624:in 'block in ActiveRecord::FixtureSet.insert'
    C:/Users/Rober/.gem/ruby/3.4.0/gems/activerecord-7.0.8.7/lib/active_record/fixtures.rb:621:in 'Hash#each'
    C:/Users/Rober/.gem/ruby/3.4.0/gems/activerecord-7.0.8.7/lib/active_record/fixtures.rb:621:in 'ActiveRecord::FixtureSet.insert'
    C:/Users/Rober/.gem/ruby/3.4.0/gems/activerecord-7.0.8.7/lib/active_record/fixtures.rb:607:in 'ActiveRecord::FixtureSet.read_and_insert'
    C:/Users/Rober/.gem/ruby/3.4.0/gems/activerecord-7.0.8.7/lib/active_record/fixtures.rb:567:in 'ActiveRecord::FixtureSet.create_fixtures'
    C:/Users/Rober/.gem/ruby/3.4.0/gems/activerecord-7.0.8.7/lib/active_record/test_fixtures.rb:275:in 'ActiveRecord::TestFixtures#load_fixtures'
    C:/Users/Rober/.gem/ruby/3.4.0/gems/activerecord-7.0.8.7/lib/active_record/test_fixtures.rb:125:in 'ActiveRecord::TestFixtures#setup_fixtures'
    C:/Users/Rober/.gem/ruby/3.4.0/gems/activerecord-7.0.8.7/lib/active_record/test_fixtures.rb:10:in 'ActiveRecord::TestFixtures#before_setup'
    C:/Users/Rober/.gem/ruby/3.4.0/gems/activesupport-7.0.8.7/lib/active_support/testing/setup_and_teardown.rb:40:in 'ActiveSupport::Testing::SetupAndTeardown#before_setup'

rails test test/services/assistant_runner_test.rb:151

E

Error:
AssistantRunnerTest#test_run_and_wait_retrieves_run_details_and_returns_last_message_text:
ActiveRecord::StatementInvalid: PG::UndefinedTable: ERROR:  no existe la relaci├│n ┬½passages┬╗
LINE 9:  WHERE a.attrelid = '"passages"'::regclass
                            ^

    C:/Users/Rober/.gem/ruby/3.4.0/gems/activerecord-7.0.8.7/lib/active_record/connection_adapters/postgresql/database_statements.rb:19:in 'PG::Connection#exec'
    C:/Users/Rober/.gem/ruby/3.4.0/gems/activerecord-7.0.8.7/lib/active_record/connection_adapters/postgresql/database_statements.rb:19:in 'block (2 levels) in ActiveRecord::ConnectionAdapters::PostgreSQL::DatabaseStatements#query'
    C:/Users/Rober/.gem/ruby/3.4.0/gems/activesupport-7.0.8.7/lib/active_support/concurrency/share_lock.rb:187:in 'ActiveSupport::Concurrency::ShareLock#yield_shares'
    C:/Users/Rober/.gem/ruby/3.4.0/gems/activesupport-7.0.8.7/lib/active_support/dependencies/interlock.rb:41:in 'ActiveSupport::Dependencies::Interlock#permit_concurrent_loads'
    C:/Users/Rober/.gem/ruby/3.4.0/gems/activerecord-7.0.8.7/lib/active_record/connection_adapters/postgresql/database_statements.rb:18:in 'block in ActiveRecord::ConnectionAdapters::PostgreSQL::DatabaseStatements#query'
    C:/Users/Rober/.gem/ruby/3.4.0/gems/activesupport-7.0.8.7/lib/active_support/concurrency/load_interlock_aware_monitor.rb:25:in 'Thread.handle_interrupt'
    C:/Users/Rober/.gem/ruby/3.4.0/gems/activesupport-7.0.8.7/lib/active_support/concurrency/load_interlock_aware_monitor.rb:25:in 'block in ActiveSupport::Concurrency::LoadInterlockAwareMonitor#synchronize'
    C:/Users/Rober/.gem/ruby/3.4.0/gems/activesupport-7.0.8.7/lib/active_support/concurrency/load_interlock_aware_monitor.rb:21:in 'Thread.handle_interrupt'
    C:/Users/Rober/.gem/ruby/3.4.0/gems/activesupport-7.0.8.7/lib/active_support/concurrency/load_interlock_aware_monitor.rb:21:in 'ActiveSupport::Concurrency::LoadInterlockAwareMonitor#synchronize'
    C:/Users/Rober/.gem/ruby/3.4.0/gems/activerecord-7.0.8.7/lib/active_record/connection_adapters/abstract_adapter.rb:752:in 'block in ActiveRecord::ConnectionAdapters::AbstractAdapter#log'
    C:/Users/Rober/.gem/ruby/3.4.0/gems/activesupport-7.0.8.7/lib/active_support/notifications/instrumenter.rb:24:in 'ActiveSupport::Notifications::Instrumenter#instrument'
    C:/Users/Rober/.gem/ruby/3.4.0/gems/activerecord-7.0.8.7/lib/active_record/connection_adapters/abstract_adapter.rb:743:in 'ActiveRecord::ConnectionAdapters::AbstractAdapter#log'
    C:/Users/Rober/.gem/ruby/3.4.0/gems/activerecord-7.0.8.7/lib/active_record/connection_adapters/postgresql/database_statements.rb:17:in 'ActiveRecord::ConnectionAdapters::PostgreSQL::DatabaseStatements#query'
    C:/Users/Rober/.gem/ruby/3.4.0/gems/activerecord-7.0.8.7/lib/active_record/connection_adapters/postgresql_adapter.rb:916:in 'ActiveRecord::ConnectionAdapters::PostgreSQLAdapter#column_definitions'
    C:/Users/Rober/.gem/ruby/3.4.0/gems/activerecord-7.0.8.7/lib/active_record/connection_adapters/abstract/schema_statements.rb:117:in 'ActiveRecord::ConnectionAdapters::SchemaStatements#columns'
    C:/Users/Rober/.gem/ruby/3.4.0/gems/activerecord-7.0.8.7/lib/active_record/connection_adapters/schema_cache.rb:117:in 'block in ActiveRecord::ConnectionAdapters::SchemaCache#columns'
    C:/Users/Rober/.gem/ruby/3.4.0/gems/activerecord-7.0.8.7/lib/active_record/connection_adapters/schema_cache.rb:116:in 'Hash#fetch'
    C:/Users/Rober/.gem/ruby/3.4.0/gems/activerecord-7.0.8.7/lib/active_record/connection_adapters/schema_cache.rb:116:in 'ActiveRecord::ConnectionAdapters::SchemaCache#columns'
    C:/Users/Rober/.gem/ruby/3.4.0/gems/activerecord-7.0.8.7/lib/active_record/connection_adapters/schema_cache.rb:125:in 'block in ActiveRecord::ConnectionAdapters::SchemaCache#columns_hash'
    C:/Users/Rober/.gem/ruby/3.4.0/gems/activerecord-7.0.8.7/lib/active_record/connection_adapters/schema_cache.rb:124:in 'Hash#fetch'
    C:/Users/Rober/.gem/ruby/3.4.0/gems/activerecord-7.0.8.7/lib/active_record/connection_adapters/schema_cache.rb:124:in 'ActiveRecord::ConnectionAdapters::SchemaCache#columns_hash'
    C:/Users/Rober/.gem/ruby/3.4.0/gems/activerecord-7.0.8.7/lib/active_record/model_schema.rb:580:in 'ActiveRecord::ModelSchema::ClassMethods#load_schema!'
    C:/Users/Rober/.gem/ruby/3.4.0/gems/activerecord-7.0.8.7/lib/active_record/attributes.rb:264:in 'ActiveRecord::Attributes::ClassMethods#load_schema!'
    C:/Users/Rober/.gem/ruby/3.4.0/gems/activerecord-7.0.8.7/lib/active_record/encryption/encryptable_record.rb:122:in 'ActiveRecord::Encryption::EncryptableRecord::ClassMethods#load_schema!'
    C:/Users/Rober/.gem/ruby/3.4.0/gems/activerecord-7.0.8.7/lib/active_record/model_schema.rb:566:in 'block in ActiveRecord::ModelSchema::ClassMethods#load_schema'
    C:/Users/Rober/.gem/ruby/3.4.0/gems/activerecord-7.0.8.7/lib/active_record/model_schema.rb:563:in 'Monitor#synchronize'
    C:/Users/Rober/.gem/ruby/3.4.0/gems/activerecord-7.0.8.7/lib/active_record/model_schema.rb:563:in 'ActiveRecord::ModelSchema::ClassMethods#load_schema'
    C:/Users/Rober/.gem/ruby/3.4.0/gems/activerecord-7.0.8.7/lib/active_record/model_schema.rb:424:in 'ActiveRecord::ModelSchema::ClassMethods#columns'
    C:/Users/Rober/.gem/ruby/3.4.0/gems/activerecord-7.0.8.7/lib/active_record/model_schema.rb:493:in 'ActiveRecord::ModelSchema::ClassMethods#column_names'
    C:/Users/Rober/.gem/ruby/3.4.0/gems/activerecord-7.0.8.7/lib/active_record/timestamp.rb:64:in 'ActiveRecord::Timestamp::ClassMethods#timestamp_attributes_for_create_in_model'
    C:/Users/Rober/.gem/ruby/3.4.0/gems/activerecord-7.0.8.7/lib/active_record/timestamp.rb:74:in 'ActiveRecord::Timestamp::ClassMethods#all_timestamp_attributes_in_model'
    C:/Users/Rober/.gem/ruby/3.4.0/gems/activerecord-7.0.8.7/lib/active_record/fixture_set/model_metadata.rb:24:in 'ActiveRecord::FixtureSet::ModelMetadata#timestamp_column_names'
    C:/Users/Rober/.gem/ruby/3.4.0/gems/activerecord-7.0.8.7/lib/active_record/fixture_set/table_row.rb:106:in 'ActiveRecord::FixtureSet::TableRow#fill_timestamps'
    C:/Users/Rober/.gem/ruby/3.4.0/gems/activerecord-7.0.8.7/lib/active_record/fixture_set/table_row.rb:88:in 'ActiveRecord::FixtureSet::TableRow#fill_row_model_attributes'
    C:/Users/Rober/.gem/ruby/3.4.0/gems/activerecord-7.0.8.7/lib/active_record/fixture_set/table_row.rb:70:in 'ActiveRecord::FixtureSet::TableRow#initialize'
    C:/Users/Rober/.gem/ruby/3.4.0/gems/activerecord-7.0.8.7/lib/active_record/fixture_set/table_rows.rb:36:in 'Class#new'
    C:/Users/Rober/.gem/ruby/3.4.0/gems/activerecord-7.0.8.7/lib/active_record/fixture_set/table_rows.rb:36:in 'block in ActiveRecord::FixtureSet::TableRows#build_table_rows_from'
    C:/Users/Rober/.gem/ruby/3.4.0/gems/activerecord-7.0.8.7/lib/active_record/fixture_set/table_rows.rb:35:in 'Hash#each'
    C:/Users/Rober/.gem/ruby/3.4.0/gems/activerecord-7.0.8.7/lib/active_record/fixture_set/table_rows.rb:35:in 'Enumerable#map'
    C:/Users/Rober/.gem/ruby/3.4.0/gems/activerecord-7.0.8.7/lib/active_record/fixture_set/table_rows.rb:35:in 'ActiveRecord::FixtureSet::TableRows#build_table_rows_from'
    C:/Users/Rober/.gem/ruby/3.4.0/gems/activerecord-7.0.8.7/lib/active_record/fixture_set/table_rows.rb:18:in 'ActiveRecord::FixtureSet::TableRows#initialize'
    C:/Users/Rober/.gem/ruby/3.4.0/gems/activerecord-7.0.8.7/lib/active_record/fixtures.rb:684:in 'Class#new'
    C:/Users/Rober/.gem/ruby/3.4.0/gems/activerecord-7.0.8.7/lib/active_record/fixtures.rb:684:in 'ActiveRecord::FixtureSet#table_rows'
    C:/Users/Rober/.gem/ruby/3.4.0/gems/activerecord-7.0.8.7/lib/active_record/fixtures.rb:625:in 'block (2 levels) in ActiveRecord::FixtureSet.insert'
    C:/Users/Rober/.gem/ruby/3.4.0/gems/activerecord-7.0.8.7/lib/active_record/fixtures.rb:624:in 'Array#each'
    C:/Users/Rober/.gem/ruby/3.4.0/gems/activerecord-7.0.8.7/lib/active_record/fixtures.rb:624:in 'block in ActiveRecord::FixtureSet.insert'
    C:/Users/Rober/.gem/ruby/3.4.0/gems/activerecord-7.0.8.7/lib/active_record/fixtures.rb:621:in 'Hash#each'
    C:/Users/Rober/.gem/ruby/3.4.0/gems/activerecord-7.0.8.7/lib/active_record/fixtures.rb:621:in 'ActiveRecord::FixtureSet.insert'
    C:/Users/Rober/.gem/ruby/3.4.0/gems/activerecord-7.0.8.7/lib/active_record/fixtures.rb:607:in 'ActiveRecord::FixtureSet.read_and_insert'
    C:/Users/Rober/.gem/ruby/3.4.0/gems/activerecord-7.0.8.7/lib/active_record/fixtures.rb:567:in 'ActiveRecord::FixtureSet.create_fixtures'
    C:/Users/Rober/.gem/ruby/3.4.0/gems/activerecord-7.0.8.7/lib/active_record/test_fixtures.rb:275:in 'ActiveRecord::TestFixtures#load_fixtures'
    C:/Users/Rober/.gem/ruby/3.4.0/gems/activerecord-7.0.8.7/lib/active_record/test_fixtures.rb:125:in 'ActiveRecord::TestFixtures#setup_fixtures'
    C:/Users/Rober/.gem/ruby/3.4.0/gems/activerecord-7.0.8.7/lib/active_record/test_fixtures.rb:10:in 'ActiveRecord::TestFixtures#before_setup'
    C:/Users/Rober/.gem/ruby/3.4.0/gems/activesupport-7.0.8.7/lib/active_support/testing/setup_and_teardown.rb:40:in 'ActiveSupport::Testing::SetupAndTeardown#before_setup'

rails test test/services/assistant_runner_test.rb:109

E

Error:
AssistantRunnerTest#test_no_extra_rows_requested_when_allow_add_remove_rows_is_false:
ActiveRecord::StatementInvalid: PG::UndefinedTable: ERROR:  no existe la relaci├│n ┬½passages┬╗
LINE 9:  WHERE a.attrelid = '"passages"'::regclass
                            ^

    C:/Users/Rober/.gem/ruby/3.4.0/gems/activerecord-7.0.8.7/lib/active_record/connection_adapters/postgresql/database_statements.rb:19:in 'PG::Connection#exec'
    C:/Users/Rober/.gem/ruby/3.4.0/gems/activerecord-7.0.8.7/lib/active_record/connection_adapters/postgresql/database_statements.rb:19:in 'block (2 levels) in ActiveRecord::ConnectionAdapters::PostgreSQL::DatabaseStatements#query'
    C:/Users/Rober/.gem/ruby/3.4.0/gems/activesupport-7.0.8.7/lib/active_support/concurrency/share_lock.rb:187:in 'ActiveSupport::Concurrency::ShareLock#yield_shares'
    C:/Users/Rober/.gem/ruby/3.4.0/gems/activesupport-7.0.8.7/lib/active_support/dependencies/interlock.rb:41:in 'ActiveSupport::Dependencies::Interlock#permit_concurrent_loads'
    C:/Users/Rober/.gem/ruby/3.4.0/gems/activerecord-7.0.8.7/lib/active_record/connection_adapters/postgresql/database_statements.rb:18:in 'block in ActiveRecord::ConnectionAdapters::PostgreSQL::DatabaseStatements#query'
    C:/Users/Rober/.gem/ruby/3.4.0/gems/activesupport-7.0.8.7/lib/active_support/concurrency/load_interlock_aware_monitor.rb:25:in 'Thread.handle_interrupt'
    C:/Users/Rober/.gem/ruby/3.4.0/gems/activesupport-7.0.8.7/lib/active_support/concurrency/load_interlock_aware_monitor.rb:25:in 'block in ActiveSupport::Concurrency::LoadInterlockAwareMonitor#synchronize'
    C:/Users/Rober/.gem/ruby/3.4.0/gems/activesupport-7.0.8.7/lib/active_support/concurrency/load_interlock_aware_monitor.rb:21:in 'Thread.handle_interrupt'
    C:/Users/Rober/.gem/ruby/3.4.0/gems/activesupport-7.0.8.7/lib/active_support/concurrency/load_interlock_aware_monitor.rb:21:in 'ActiveSupport::Concurrency::LoadInterlockAwareMonitor#synchronize'
    C:/Users/Rober/.gem/ruby/3.4.0/gems/activerecord-7.0.8.7/lib/active_record/connection_adapters/abstract_adapter.rb:752:in 'block in ActiveRecord::ConnectionAdapters::AbstractAdapter#log'
    C:/Users/Rober/.gem/ruby/3.4.0/gems/activesupport-7.0.8.7/lib/active_support/notifications/instrumenter.rb:24:in 'ActiveSupport::Notifications::Instrumenter#instrument'
    C:/Users/Rober/.gem/ruby/3.4.0/gems/activerecord-7.0.8.7/lib/active_record/connection_adapters/abstract_adapter.rb:743:in 'ActiveRecord::ConnectionAdapters::AbstractAdapter#log'
    C:/Users/Rober/.gem/ruby/3.4.0/gems/activerecord-7.0.8.7/lib/active_record/connection_adapters/postgresql/database_statements.rb:17:in 'ActiveRecord::ConnectionAdapters::PostgreSQL::DatabaseStatements#query'
    C:/Users/Rober/.gem/ruby/3.4.0/gems/activerecord-7.0.8.7/lib/active_record/connection_adapters/postgresql_adapter.rb:916:in 'ActiveRecord::ConnectionAdapters::PostgreSQLAdapter#column_definitions'
    C:/Users/Rober/.gem/ruby/3.4.0/gems/activerecord-7.0.8.7/lib/active_record/connection_adapters/abstract/schema_statements.rb:117:in 'ActiveRecord::ConnectionAdapters::SchemaStatements#columns'
    C:/Users/Rober/.gem/ruby/3.4.0/gems/activerecord-7.0.8.7/lib/active_record/connection_adapters/schema_cache.rb:117:in 'block in ActiveRecord::ConnectionAdapters::SchemaCache#columns'
    C:/Users/Rober/.gem/ruby/3.4.0/gems/activerecord-7.0.8.7/lib/active_record/connection_adapters/schema_cache.rb:116:in 'Hash#fetch'
    C:/Users/Rober/.gem/ruby/3.4.0/gems/activerecord-7.0.8.7/lib/active_record/connection_adapters/schema_cache.rb:116:in 'ActiveRecord::ConnectionAdapters::SchemaCache#columns'
    C:/Users/Rober/.gem/ruby/3.4.0/gems/activerecord-7.0.8.7/lib/active_record/connection_adapters/schema_cache.rb:125:in 'block in ActiveRecord::ConnectionAdapters::SchemaCache#columns_hash'
    C:/Users/Rober/.gem/ruby/3.4.0/gems/activerecord-7.0.8.7/lib/active_record/connection_adapters/schema_cache.rb:124:in 'Hash#fetch'
    C:/Users/Rober/.gem/ruby/3.4.0/gems/activerecord-7.0.8.7/lib/active_record/connection_adapters/schema_cache.rb:124:in 'ActiveRecord::ConnectionAdapters::SchemaCache#columns_hash'
    C:/Users/Rober/.gem/ruby/3.4.0/gems/activerecord-7.0.8.7/lib/active_record/model_schema.rb:580:in 'ActiveRecord::ModelSchema::ClassMethods#load_schema!'
    C:/Users/Rober/.gem/ruby/3.4.0/gems/activerecord-7.0.8.7/lib/active_record/attributes.rb:264:in 'ActiveRecord::Attributes::ClassMethods#load_schema!'
    C:/Users/Rober/.gem/ruby/3.4.0/gems/activerecord-7.0.8.7/lib/active_record/encryption/encryptable_record.rb:122:in 'ActiveRecord::Encryption::EncryptableRecord::ClassMethods#load_schema!'
    C:/Users/Rober/.gem/ruby/3.4.0/gems/activerecord-7.0.8.7/lib/active_record/model_schema.rb:566:in 'block in ActiveRecord::ModelSchema::ClassMethods#load_schema'
    C:/Users/Rober/.gem/ruby/3.4.0/gems/activerecord-7.0.8.7/lib/active_record/model_schema.rb:563:in 'Monitor#synchronize'
    C:/Users/Rober/.gem/ruby/3.4.0/gems/activerecord-7.0.8.7/lib/active_record/model_schema.rb:563:in 'ActiveRecord::ModelSchema::ClassMethods#load_schema'
    C:/Users/Rober/.gem/ruby/3.4.0/gems/activerecord-7.0.8.7/lib/active_record/model_schema.rb:424:in 'ActiveRecord::ModelSchema::ClassMethods#columns'
    C:/Users/Rober/.gem/ruby/3.4.0/gems/activerecord-7.0.8.7/lib/active_record/model_schema.rb:493:in 'ActiveRecord::ModelSchema::ClassMethods#column_names'
    C:/Users/Rober/.gem/ruby/3.4.0/gems/activerecord-7.0.8.7/lib/active_record/timestamp.rb:64:in 'ActiveRecord::Timestamp::ClassMethods#timestamp_attributes_for_create_in_model'
    C:/Users/Rober/.gem/ruby/3.4.0/gems/activerecord-7.0.8.7/lib/active_record/timestamp.rb:74:in 'ActiveRecord::Timestamp::ClassMethods#all_timestamp_attributes_in_model'
    C:/Users/Rober/.gem/ruby/3.4.0/gems/activerecord-7.0.8.7/lib/active_record/fixture_set/model_metadata.rb:24:in 'ActiveRecord::FixtureSet::ModelMetadata#timestamp_column_names'
    C:/Users/Rober/.gem/ruby/3.4.0/gems/activerecord-7.0.8.7/lib/active_record/fixture_set/table_row.rb:106:in 'ActiveRecord::FixtureSet::TableRow#fill_timestamps'
    C:/Users/Rober/.gem/ruby/3.4.0/gems/activerecord-7.0.8.7/lib/active_record/fixture_set/table_row.rb:88:in 'ActiveRecord::FixtureSet::TableRow#fill_row_model_attributes'
    C:/Users/Rober/.gem/ruby/3.4.0/gems/activerecord-7.0.8.7/lib/active_record/fixture_set/table_row.rb:70:in 'ActiveRecord::FixtureSet::TableRow#initialize'
    C:/Users/Rober/.gem/ruby/3.4.0/gems/activerecord-7.0.8.7/lib/active_record/fixture_set/table_rows.rb:36:in 'Class#new'
    C:/Users/Rober/.gem/ruby/3.4.0/gems/activerecord-7.0.8.7/lib/active_record/fixture_set/table_rows.rb:36:in 'block in ActiveRecord::FixtureSet::TableRows#build_table_rows_from'
    C:/Users/Rober/.gem/ruby/3.4.0/gems/activerecord-7.0.8.7/lib/active_record/fixture_set/table_rows.rb:35:in 'Hash#each'
    C:/Users/Rober/.gem/ruby/3.4.0/gems/activerecord-7.0.8.7/lib/active_record/fixture_set/table_rows.rb:35:in 'Enumerable#map'
    C:/Users/Rober/.gem/ruby/3.4.0/gems/activerecord-7.0.8.7/lib/active_record/fixture_set/table_rows.rb:35:in 'ActiveRecord::FixtureSet::TableRows#build_table_rows_from'
    C:/Users/Rober/.gem/ruby/3.4.0/gems/activerecord-7.0.8.7/lib/active_record/fixture_set/table_rows.rb:18:in 'ActiveRecord::FixtureSet::TableRows#initialize'
    C:/Users/Rober/.gem/ruby/3.4.0/gems/activerecord-7.0.8.7/lib/active_record/fixtures.rb:684:in 'Class#new'
    C:/Users/Rober/.gem/ruby/3.4.0/gems/activerecord-7.0.8.7/lib/active_record/fixtures.rb:684:in 'ActiveRecord::FixtureSet#table_rows'
    C:/Users/Rober/.gem/ruby/3.4.0/gems/activerecord-7.0.8.7/lib/active_record/fixtures.rb:625:in 'block (2 levels) in ActiveRecord::FixtureSet.insert'
    C:/Users/Rober/.gem/ruby/3.4.0/gems/activerecord-7.0.8.7/lib/active_record/fixtures.rb:624:in 'Array#each'
    C:/Users/Rober/.gem/ruby/3.4.0/gems/activerecord-7.0.8.7/lib/active_record/fixtures.rb:624:in 'block in ActiveRecord::FixtureSet.insert'
    C:/Users/Rober/.gem/ruby/3.4.0/gems/activerecord-7.0.8.7/lib/active_record/fixtures.rb:621:in 'Hash#each'
    C:/Users/Rober/.gem/ruby/3.4.0/gems/activerecord-7.0.8.7/lib/active_record/fixtures.rb:621:in 'ActiveRecord::FixtureSet.insert'
    C:/Users/Rober/.gem/ruby/3.4.0/gems/activerecord-7.0.8.7/lib/active_record/fixtures.rb:607:in 'ActiveRecord::FixtureSet.read_and_insert'
    C:/Users/Rober/.gem/ruby/3.4.0/gems/activerecord-7.0.8.7/lib/active_record/fixtures.rb:567:in 'ActiveRecord::FixtureSet.create_fixtures'
    C:/Users/Rober/.gem/ruby/3.4.0/gems/activerecord-7.0.8.7/lib/active_record/test_fixtures.rb:275:in 'ActiveRecord::TestFixtures#load_fixtures'
    C:/Users/Rober/.gem/ruby/3.4.0/gems/activerecord-7.0.8.7/lib/active_record/test_fixtures.rb:125:in 'ActiveRecord::TestFixtures#setup_fixtures'
    C:/Users/Rober/.gem/ruby/3.4.0/gems/activerecord-7.0.8.7/lib/active_record/test_fixtures.rb:10:in 'ActiveRecord::TestFixtures#before_setup'
    C:/Users/Rober/.gem/ruby/3.4.0/gems/activesupport-7.0.8.7/lib/active_support/testing/setup_and_teardown.rb:40:in 'ActiveSupport::Testing::SetupAndTeardown#before_setup'

rails test test/services/assistant_runner_test.rb:166

E

Error:
AssistantRunnerTest#test_includes_assistant_instructions_from_config_in_run_prompt:
ActiveRecord::StatementInvalid: PG::UndefinedTable: ERROR:  no existe la relaci├│n ┬½passages┬╗
LINE 9:  WHERE a.attrelid = '"passages"'::regclass
                            ^

    C:/Users/Rober/.gem/ruby/3.4.0/gems/activerecord-7.0.8.7/lib/active_record/connection_adapters/postgresql/database_statements.rb:19:in 'PG::Connection#exec'
    C:/Users/Rober/.gem/ruby/3.4.0/gems/activerecord-7.0.8.7/lib/active_record/connection_adapters/postgresql/database_statements.rb:19:in 'block (2 levels) in ActiveRecord::ConnectionAdapters::PostgreSQL::DatabaseStatements#query'
    C:/Users/Rober/.gem/ruby/3.4.0/gems/activesupport-7.0.8.7/lib/active_support/concurrency/share_lock.rb:187:in 'ActiveSupport::Concurrency::ShareLock#yield_shares'
    C:/Users/Rober/.gem/ruby/3.4.0/gems/activesupport-7.0.8.7/lib/active_support/dependencies/interlock.rb:41:in 'ActiveSupport::Dependencies::Interlock#permit_concurrent_loads'
    C:/Users/Rober/.gem/ruby/3.4.0/gems/activerecord-7.0.8.7/lib/active_record/connection_adapters/postgresql/database_statements.rb:18:in 'block in ActiveRecord::ConnectionAdapters::PostgreSQL::DatabaseStatements#query'
    C:/Users/Rober/.gem/ruby/3.4.0/gems/activesupport-7.0.8.7/lib/active_support/concurrency/load_interlock_aware_monitor.rb:25:in 'Thread.handle_interrupt'
    C:/Users/Rober/.gem/ruby/3.4.0/gems/activesupport-7.0.8.7/lib/active_support/concurrency/load_interlock_aware_monitor.rb:25:in 'block in ActiveSupport::Concurrency::LoadInterlockAwareMonitor#synchronize'
    C:/Users/Rober/.gem/ruby/3.4.0/gems/activesupport-7.0.8.7/lib/active_support/concurrency/load_interlock_aware_monitor.rb:21:in 'Thread.handle_interrupt'
    C:/Users/Rober/.gem/ruby/3.4.0/gems/activesupport-7.0.8.7/lib/active_support/concurrency/load_interlock_aware_monitor.rb:21:in 'ActiveSupport::Concurrency::LoadInterlockAwareMonitor#synchronize'
    C:/Users/Rober/.gem/ruby/3.4.0/gems/activerecord-7.0.8.7/lib/active_record/connection_adapters/abstract_adapter.rb:752:in 'block in ActiveRecord::ConnectionAdapters::AbstractAdapter#log'
    C:/Users/Rober/.gem/ruby/3.4.0/gems/activesupport-7.0.8.7/lib/active_support/notifications/instrumenter.rb:24:in 'ActiveSupport::Notifications::Instrumenter#instrument'
    C:/Users/Rober/.gem/ruby/3.4.0/gems/activerecord-7.0.8.7/lib/active_record/connection_adapters/abstract_adapter.rb:743:in 'ActiveRecord::ConnectionAdapters::AbstractAdapter#log'
    C:/Users/Rober/.gem/ruby/3.4.0/gems/activerecord-7.0.8.7/lib/active_record/connection_adapters/postgresql/database_statements.rb:17:in 'ActiveRecord::ConnectionAdapters::PostgreSQL::DatabaseStatements#query'
    C:/Users/Rober/.gem/ruby/3.4.0/gems/activerecord-7.0.8.7/lib/active_record/connection_adapters/postgresql_adapter.rb:916:in 'ActiveRecord::ConnectionAdapters::PostgreSQLAdapter#column_definitions'
    C:/Users/Rober/.gem/ruby/3.4.0/gems/activerecord-7.0.8.7/lib/active_record/connection_adapters/abstract/schema_statements.rb:117:in 'ActiveRecord::ConnectionAdapters::SchemaStatements#columns'
    C:/Users/Rober/.gem/ruby/3.4.0/gems/activerecord-7.0.8.7/lib/active_record/connection_adapters/schema_cache.rb:117:in 'block in ActiveRecord::ConnectionAdapters::SchemaCache#columns'
    C:/Users/Rober/.gem/ruby/3.4.0/gems/activerecord-7.0.8.7/lib/active_record/connection_adapters/schema_cache.rb:116:in 'Hash#fetch'
    C:/Users/Rober/.gem/ruby/3.4.0/gems/activerecord-7.0.8.7/lib/active_record/connection_adapters/schema_cache.rb:116:in 'ActiveRecord::ConnectionAdapters::SchemaCache#columns'
    C:/Users/Rober/.gem/ruby/3.4.0/gems/activerecord-7.0.8.7/lib/active_record/connection_adapters/schema_cache.rb:125:in 'block in ActiveRecord::ConnectionAdapters::SchemaCache#columns_hash'
    C:/Users/Rober/.gem/ruby/3.4.0/gems/activerecord-7.0.8.7/lib/active_record/connection_adapters/schema_cache.rb:124:in 'Hash#fetch'
    C:/Users/Rober/.gem/ruby/3.4.0/gems/activerecord-7.0.8.7/lib/active_record/connection_adapters/schema_cache.rb:124:in 'ActiveRecord::ConnectionAdapters::SchemaCache#columns_hash'
    C:/Users/Rober/.gem/ruby/3.4.0/gems/activerecord-7.0.8.7/lib/active_record/model_schema.rb:580:in 'ActiveRecord::ModelSchema::ClassMethods#load_schema!'
    C:/Users/Rober/.gem/ruby/3.4.0/gems/activerecord-7.0.8.7/lib/active_record/attributes.rb:264:in 'ActiveRecord::Attributes::ClassMethods#load_schema!'
    C:/Users/Rober/.gem/ruby/3.4.0/gems/activerecord-7.0.8.7/lib/active_record/encryption/encryptable_record.rb:122:in 'ActiveRecord::Encryption::EncryptableRecord::ClassMethods#load_schema!'
    C:/Users/Rober/.gem/ruby/3.4.0/gems/activerecord-7.0.8.7/lib/active_record/model_schema.rb:566:in 'block in ActiveRecord::ModelSchema::ClassMethods#load_schema'
    C:/Users/Rober/.gem/ruby/3.4.0/gems/activerecord-7.0.8.7/lib/active_record/model_schema.rb:563:in 'Monitor#synchronize'
    C:/Users/Rober/.gem/ruby/3.4.0/gems/activerecord-7.0.8.7/lib/active_record/model_schema.rb:563:in 'ActiveRecord::ModelSchema::ClassMethods#load_schema'
    C:/Users/Rober/.gem/ruby/3.4.0/gems/activerecord-7.0.8.7/lib/active_record/model_schema.rb:424:in 'ActiveRecord::ModelSchema::ClassMethods#columns'
    C:/Users/Rober/.gem/ruby/3.4.0/gems/activerecord-7.0.8.7/lib/active_record/model_schema.rb:493:in 'ActiveRecord::ModelSchema::ClassMethods#column_names'
    C:/Users/Rober/.gem/ruby/3.4.0/gems/activerecord-7.0.8.7/lib/active_record/timestamp.rb:64:in 'ActiveRecord::Timestamp::ClassMethods#timestamp_attributes_for_create_in_model'
    C:/Users/Rober/.gem/ruby/3.4.0/gems/activerecord-7.0.8.7/lib/active_record/timestamp.rb:74:in 'ActiveRecord::Timestamp::ClassMethods#all_timestamp_attributes_in_model'
    C:/Users/Rober/.gem/ruby/3.4.0/gems/activerecord-7.0.8.7/lib/active_record/fixture_set/model_metadata.rb:24:in 'ActiveRecord::FixtureSet::ModelMetadata#timestamp_column_names'
    C:/Users/Rober/.gem/ruby/3.4.0/gems/activerecord-7.0.8.7/lib/active_record/fixture_set/table_row.rb:106:in 'ActiveRecord::FixtureSet::TableRow#fill_timestamps'
    C:/Users/Rober/.gem/ruby/3.4.0/gems/activerecord-7.0.8.7/lib/active_record/fixture_set/table_row.rb:88:in 'ActiveRecord::FixtureSet::TableRow#fill_row_model_attributes'
    C:/Users/Rober/.gem/ruby/3.4.0/gems/activerecord-7.0.8.7/lib/active_record/fixture_set/table_row.rb:70:in 'ActiveRecord::FixtureSet::TableRow#initialize'
    C:/Users/Rober/.gem/ruby/3.4.0/gems/activerecord-7.0.8.7/lib/active_record/fixture_set/table_rows.rb:36:in 'Class#new'
    C:/Users/Rober/.gem/ruby/3.4.0/gems/activerecord-7.0.8.7/lib/active_record/fixture_set/table_rows.rb:36:in 'block in ActiveRecord::FixtureSet::TableRows#build_table_rows_from'
    C:/Users/Rober/.gem/ruby/3.4.0/gems/activerecord-7.0.8.7/lib/active_record/fixture_set/table_rows.rb:35:in 'Hash#each'
    C:/Users/Rober/.gem/ruby/3.4.0/gems/activerecord-7.0.8.7/lib/active_record/fixture_set/table_rows.rb:35:in 'Enumerable#map'
    C:/Users/Rober/.gem/ruby/3.4.0/gems/activerecord-7.0.8.7/lib/active_record/fixture_set/table_rows.rb:35:in 'ActiveRecord::FixtureSet::TableRows#build_table_rows_from'
    C:/Users/Rober/.gem/ruby/3.4.0/gems/activerecord-7.0.8.7/lib/active_record/fixture_set/table_rows.rb:18:in 'ActiveRecord::FixtureSet::TableRows#initialize'
    C:/Users/Rober/.gem/ruby/3.4.0/gems/activerecord-7.0.8.7/lib/active_record/fixtures.rb:684:in 'Class#new'
    C:/Users/Rober/.gem/ruby/3.4.0/gems/activerecord-7.0.8.7/lib/active_record/fixtures.rb:684:in 'ActiveRecord::FixtureSet#table_rows'
    C:/Users/Rober/.gem/ruby/3.4.0/gems/activerecord-7.0.8.7/lib/active_record/fixtures.rb:625:in 'block (2 levels) in ActiveRecord::FixtureSet.insert'
    C:/Users/Rober/.gem/ruby/3.4.0/gems/activerecord-7.0.8.7/lib/active_record/fixtures.rb:624:in 'Array#each'
    C:/Users/Rober/.gem/ruby/3.4.0/gems/activerecord-7.0.8.7/lib/active_record/fixtures.rb:624:in 'block in ActiveRecord::FixtureSet.insert'
    C:/Users/Rober/.gem/ruby/3.4.0/gems/activerecord-7.0.8.7/lib/active_record/fixtures.rb:621:in 'Hash#each'
    C:/Users/Rober/.gem/ruby/3.4.0/gems/activerecord-7.0.8.7/lib/active_record/fixtures.rb:621:in 'ActiveRecord::FixtureSet.insert'
    C:/Users/Rober/.gem/ruby/3.4.0/gems/activerecord-7.0.8.7/lib/active_record/fixtures.rb:607:in 'ActiveRecord::FixtureSet.read_and_insert'
    C:/Users/Rober/.gem/ruby/3.4.0/gems/activerecord-7.0.8.7/lib/active_record/fixtures.rb:567:in 'ActiveRecord::FixtureSet.create_fixtures'
    C:/Users/Rober/.gem/ruby/3.4.0/gems/activerecord-7.0.8.7/lib/active_record/test_fixtures.rb:275:in 'ActiveRecord::TestFixtures#load_fixtures'
    C:/Users/Rober/.gem/ruby/3.4.0/gems/activerecord-7.0.8.7/lib/active_record/test_fixtures.rb:125:in 'ActiveRecord::TestFixtures#setup_fixtures'
    C:/Users/Rober/.gem/ruby/3.4.0/gems/activerecord-7.0.8.7/lib/active_record/test_fixtures.rb:10:in 'ActiveRecord::TestFixtures#before_setup'
    C:/Users/Rober/.gem/ruby/3.4.0/gems/activesupport-7.0.8.7/lib/active_support/testing/setup_and_teardown.rb:40:in 'ActiveSupport::Testing::SetupAndTeardown#before_setup'

rails test test/services/assistant_runner_test.rb:43

E

Error:
AssistantRunnerTest#test_returns_fields_following_JSON_order_including_arrays:
ActiveRecord::StatementInvalid: PG::UndefinedTable: ERROR:  no existe la relaci├│n ┬½passages┬╗
LINE 9:  WHERE a.attrelid = '"passages"'::regclass
                            ^

    C:/Users/Rober/.gem/ruby/3.4.0/gems/activerecord-7.0.8.7/lib/active_record/connection_adapters/postgresql/database_statements.rb:19:in 'PG::Connection#exec'
    C:/Users/Rober/.gem/ruby/3.4.0/gems/activerecord-7.0.8.7/lib/active_record/connection_adapters/postgresql/database_statements.rb:19:in 'block (2 levels) in ActiveRecord::ConnectionAdapters::PostgreSQL::DatabaseStatements#query'
    C:/Users/Rober/.gem/ruby/3.4.0/gems/activesupport-7.0.8.7/lib/active_support/concurrency/share_lock.rb:187:in 'ActiveSupport::Concurrency::ShareLock#yield_shares'
    C:/Users/Rober/.gem/ruby/3.4.0/gems/activesupport-7.0.8.7/lib/active_support/dependencies/interlock.rb:41:in 'ActiveSupport::Dependencies::Interlock#permit_concurrent_loads'
    C:/Users/Rober/.gem/ruby/3.4.0/gems/activerecord-7.0.8.7/lib/active_record/connection_adapters/postgresql/database_statements.rb:18:in 'block in ActiveRecord::ConnectionAdapters::PostgreSQL::DatabaseStatements#query'
    C:/Users/Rober/.gem/ruby/3.4.0/gems/activesupport-7.0.8.7/lib/active_support/concurrency/load_interlock_aware_monitor.rb:25:in 'Thread.handle_interrupt'
    C:/Users/Rober/.gem/ruby/3.4.0/gems/activesupport-7.0.8.7/lib/active_support/concurrency/load_interlock_aware_monitor.rb:25:in 'block in ActiveSupport::Concurrency::LoadInterlockAwareMonitor#synchronize'
    C:/Users/Rober/.gem/ruby/3.4.0/gems/activesupport-7.0.8.7/lib/active_support/concurrency/load_interlock_aware_monitor.rb:21:in 'Thread.handle_interrupt'
    C:/Users/Rober/.gem/ruby/3.4.0/gems/activesupport-7.0.8.7/lib/active_support/concurrency/load_interlock_aware_monitor.rb:21:in 'ActiveSupport::Concurrency::LoadInterlockAwareMonitor#synchronize'
    C:/Users/Rober/.gem/ruby/3.4.0/gems/activerecord-7.0.8.7/lib/active_record/connection_adapters/abstract_adapter.rb:752:in 'block in ActiveRecord::ConnectionAdapters::AbstractAdapter#log'
    C:/Users/Rober/.gem/ruby/3.4.0/gems/activesupport-7.0.8.7/lib/active_support/notifications/instrumenter.rb:24:in 'ActiveSupport::Notifications::Instrumenter#instrument'
    C:/Users/Rober/.gem/ruby/3.4.0/gems/activerecord-7.0.8.7/lib/active_record/connection_adapters/abstract_adapter.rb:743:in 'ActiveRecord::ConnectionAdapters::AbstractAdapter#log'
    C:/Users/Rober/.gem/ruby/3.4.0/gems/activerecord-7.0.8.7/lib/active_record/connection_adapters/postgresql/database_statements.rb:17:in 'ActiveRecord::ConnectionAdapters::PostgreSQL::DatabaseStatements#query'
    C:/Users/Rober/.gem/ruby/3.4.0/gems/activerecord-7.0.8.7/lib/active_record/connection_adapters/postgresql_adapter.rb:916:in 'ActiveRecord::ConnectionAdapters::PostgreSQLAdapter#column_definitions'
    C:/Users/Rober/.gem/ruby/3.4.0/gems/activerecord-7.0.8.7/lib/active_record/connection_adapters/abstract/schema_statements.rb:117:in 'ActiveRecord::ConnectionAdapters::SchemaStatements#columns'
    C:/Users/Rober/.gem/ruby/3.4.0/gems/activerecord-7.0.8.7/lib/active_record/connection_adapters/schema_cache.rb:117:in 'block in ActiveRecord::ConnectionAdapters::SchemaCache#columns'
    C:/Users/Rober/.gem/ruby/3.4.0/gems/activerecord-7.0.8.7/lib/active_record/connection_adapters/schema_cache.rb:116:in 'Hash#fetch'
    C:/Users/Rober/.gem/ruby/3.4.0/gems/activerecord-7.0.8.7/lib/active_record/connection_adapters/schema_cache.rb:116:in 'ActiveRecord::ConnectionAdapters::SchemaCache#columns'
    C:/Users/Rober/.gem/ruby/3.4.0/gems/activerecord-7.0.8.7/lib/active_record/connection_adapters/schema_cache.rb:125:in 'block in ActiveRecord::ConnectionAdapters::SchemaCache#columns_hash'
    C:/Users/Rober/.gem/ruby/3.4.0/gems/activerecord-7.0.8.7/lib/active_record/connection_adapters/schema_cache.rb:124:in 'Hash#fetch'
    C:/Users/Rober/.gem/ruby/3.4.0/gems/activerecord-7.0.8.7/lib/active_record/connection_adapters/schema_cache.rb:124:in 'ActiveRecord::ConnectionAdapters::SchemaCache#columns_hash'
    C:/Users/Rober/.gem/ruby/3.4.0/gems/activerecord-7.0.8.7/lib/active_record/model_schema.rb:580:in 'ActiveRecord::ModelSchema::ClassMethods#load_schema!'
    C:/Users/Rober/.gem/ruby/3.4.0/gems/activerecord-7.0.8.7/lib/active_record/attributes.rb:264:in 'ActiveRecord::Attributes::ClassMethods#load_schema!'
    C:/Users/Rober/.gem/ruby/3.4.0/gems/activerecord-7.0.8.7/lib/active_record/encryption/encryptable_record.rb:122:in 'ActiveRecord::Encryption::EncryptableRecord::ClassMethods#load_schema!'
    C:/Users/Rober/.gem/ruby/3.4.0/gems/activerecord-7.0.8.7/lib/active_record/model_schema.rb:566:in 'block in ActiveRecord::ModelSchema::ClassMethods#load_schema'
    C:/Users/Rober/.gem/ruby/3.4.0/gems/activerecord-7.0.8.7/lib/active_record/model_schema.rb:563:in 'Monitor#synchronize'
    C:/Users/Rober/.gem/ruby/3.4.0/gems/activerecord-7.0.8.7/lib/active_record/model_schema.rb:563:in 'ActiveRecord::ModelSchema::ClassMethods#load_schema'
    C:/Users/Rober/.gem/ruby/3.4.0/gems/activerecord-7.0.8.7/lib/active_record/model_schema.rb:424:in 'ActiveRecord::ModelSchema::ClassMethods#columns'
    C:/Users/Rober/.gem/ruby/3.4.0/gems/activerecord-7.0.8.7/lib/active_record/model_schema.rb:493:in 'ActiveRecord::ModelSchema::ClassMethods#column_names'
    C:/Users/Rober/.gem/ruby/3.4.0/gems/activerecord-7.0.8.7/lib/active_record/timestamp.rb:64:in 'ActiveRecord::Timestamp::ClassMethods#timestamp_attributes_for_create_in_model'
    C:/Users/Rober/.gem/ruby/3.4.0/gems/activerecord-7.0.8.7/lib/active_record/timestamp.rb:74:in 'ActiveRecord::Timestamp::ClassMethods#all_timestamp_attributes_in_model'
    C:/Users/Rober/.gem/ruby/3.4.0/gems/activerecord-7.0.8.7/lib/active_record/fixture_set/model_metadata.rb:24:in 'ActiveRecord::FixtureSet::ModelMetadata#timestamp_column_names'
    C:/Users/Rober/.gem/ruby/3.4.0/gems/activerecord-7.0.8.7/lib/active_record/fixture_set/table_row.rb:106:in 'ActiveRecord::FixtureSet::TableRow#fill_timestamps'
    C:/Users/Rober/.gem/ruby/3.4.0/gems/activerecord-7.0.8.7/lib/active_record/fixture_set/table_row.rb:88:in 'ActiveRecord::FixtureSet::TableRow#fill_row_model_attributes'
    C:/Users/Rober/.gem/ruby/3.4.0/gems/activerecord-7.0.8.7/lib/active_record/fixture_set/table_row.rb:70:in 'ActiveRecord::FixtureSet::TableRow#initialize'
    C:/Users/Rober/.gem/ruby/3.4.0/gems/activerecord-7.0.8.7/lib/active_record/fixture_set/table_rows.rb:36:in 'Class#new'
    C:/Users/Rober/.gem/ruby/3.4.0/gems/activerecord-7.0.8.7/lib/active_record/fixture_set/table_rows.rb:36:in 'block in ActiveRecord::FixtureSet::TableRows#build_table_rows_from'
    C:/Users/Rober/.gem/ruby/3.4.0/gems/activerecord-7.0.8.7/lib/active_record/fixture_set/table_rows.rb:35:in 'Hash#each'
    C:/Users/Rober/.gem/ruby/3.4.0/gems/activerecord-7.0.8.7/lib/active_record/fixture_set/table_rows.rb:35:in 'Enumerable#map'
    C:/Users/Rober/.gem/ruby/3.4.0/gems/activerecord-7.0.8.7/lib/active_record/fixture_set/table_rows.rb:35:in 'ActiveRecord::FixtureSet::TableRows#build_table_rows_from'
    C:/Users/Rober/.gem/ruby/3.4.0/gems/activerecord-7.0.8.7/lib/active_record/fixture_set/table_rows.rb:18:in 'ActiveRecord::FixtureSet::TableRows#initialize'
    C:/Users/Rober/.gem/ruby/3.4.0/gems/activerecord-7.0.8.7/lib/active_record/fixtures.rb:684:in 'Class#new'
    C:/Users/Rober/.gem/ruby/3.4.0/gems/activerecord-7.0.8.7/lib/active_record/fixtures.rb:684:in 'ActiveRecord::FixtureSet#table_rows'
    C:/Users/Rober/.gem/ruby/3.4.0/gems/activerecord-7.0.8.7/lib/active_record/fixtures.rb:625:in 'block (2 levels) in ActiveRecord::FixtureSet.insert'
    C:/Users/Rober/.gem/ruby/3.4.0/gems/activerecord-7.0.8.7/lib/active_record/fixtures.rb:624:in 'Array#each'
    C:/Users/Rober/.gem/ruby/3.4.0/gems/activerecord-7.0.8.7/lib/active_record/fixtures.rb:624:in 'block in ActiveRecord::FixtureSet.insert'
    C:/Users/Rober/.gem/ruby/3.4.0/gems/activerecord-7.0.8.7/lib/active_record/fixtures.rb:621:in 'Hash#each'
    C:/Users/Rober/.gem/ruby/3.4.0/gems/activerecord-7.0.8.7/lib/active_record/fixtures.rb:621:in 'ActiveRecord::FixtureSet.insert'
    C:/Users/Rober/.gem/ruby/3.4.0/gems/activerecord-7.0.8.7/lib/active_record/fixtures.rb:607:in 'ActiveRecord::FixtureSet.read_and_insert'
    C:/Users/Rober/.gem/ruby/3.4.0/gems/activerecord-7.0.8.7/lib/active_record/fixtures.rb:567:in 'ActiveRecord::FixtureSet.create_fixtures'
    C:/Users/Rober/.gem/ruby/3.4.0/gems/activerecord-7.0.8.7/lib/active_record/test_fixtures.rb:275:in 'ActiveRecord::TestFixtures#load_fixtures'
    C:/Users/Rober/.gem/ruby/3.4.0/gems/activerecord-7.0.8.7/lib/active_record/test_fixtures.rb:125:in 'ActiveRecord::TestFixtures#setup_fixtures'
    C:/Users/Rober/.gem/ruby/3.4.0/gems/activerecord-7.0.8.7/lib/active_record/test_fixtures.rb:10:in 'ActiveRecord::TestFixtures#before_setup'
    C:/Users/Rober/.gem/ruby/3.4.0/gems/activesupport-7.0.8.7/lib/active_support/testing/setup_and_teardown.rb:40:in 'ActiveSupport::Testing::SetupAndTeardown#before_setup'

rails test test/services/assistant_runner_test.rb:77

E

Error:
AssistantRunnerTest#test_returns_next_missing_field_in_arrays_without_count_field:
ActiveRecord::StatementInvalid: PG::UndefinedTable: ERROR:  no existe la relaci├│n ┬½passages┬╗
LINE 9:  WHERE a.attrelid = '"passages"'::regclass
                            ^

    C:/Users/Rober/.gem/ruby/3.4.0/gems/activerecord-7.0.8.7/lib/active_record/connection_adapters/postgresql/database_statements.rb:19:in 'PG::Connection#exec'
    C:/Users/Rober/.gem/ruby/3.4.0/gems/activerecord-7.0.8.7/lib/active_record/connection_adapters/postgresql/database_statements.rb:19:in 'block (2 levels) in ActiveRecord::ConnectionAdapters::PostgreSQL::DatabaseStatements#query'
    C:/Users/Rober/.gem/ruby/3.4.0/gems/activesupport-7.0.8.7/lib/active_support/concurrency/share_lock.rb:187:in 'ActiveSupport::Concurrency::ShareLock#yield_shares'
    C:/Users/Rober/.gem/ruby/3.4.0/gems/activesupport-7.0.8.7/lib/active_support/dependencies/interlock.rb:41:in 'ActiveSupport::Dependencies::Interlock#permit_concurrent_loads'
    C:/Users/Rober/.gem/ruby/3.4.0/gems/activerecord-7.0.8.7/lib/active_record/connection_adapters/postgresql/database_statements.rb:18:in 'block in ActiveRecord::ConnectionAdapters::PostgreSQL::DatabaseStatements#query'
    C:/Users/Rober/.gem/ruby/3.4.0/gems/activesupport-7.0.8.7/lib/active_support/concurrency/load_interlock_aware_monitor.rb:25:in 'Thread.handle_interrupt'
    C:/Users/Rober/.gem/ruby/3.4.0/gems/activesupport-7.0.8.7/lib/active_support/concurrency/load_interlock_aware_monitor.rb:25:in 'block in ActiveSupport::Concurrency::LoadInterlockAwareMonitor#synchronize'
    C:/Users/Rober/.gem/ruby/3.4.0/gems/activesupport-7.0.8.7/lib/active_support/concurrency/load_interlock_aware_monitor.rb:21:in 'Thread.handle_interrupt'
    C:/Users/Rober/.gem/ruby/3.4.0/gems/activesupport-7.0.8.7/lib/active_support/concurrency/load_interlock_aware_monitor.rb:21:in 'ActiveSupport::Concurrency::LoadInterlockAwareMonitor#synchronize'
    C:/Users/Rober/.gem/ruby/3.4.0/gems/activerecord-7.0.8.7/lib/active_record/connection_adapters/abstract_adapter.rb:752:in 'block in ActiveRecord::ConnectionAdapters::AbstractAdapter#log'
    C:/Users/Rober/.gem/ruby/3.4.0/gems/activesupport-7.0.8.7/lib/active_support/notifications/instrumenter.rb:24:in 'ActiveSupport::Notifications::Instrumenter#instrument'
    C:/Users/Rober/.gem/ruby/3.4.0/gems/activerecord-7.0.8.7/lib/active_record/connection_adapters/abstract_adapter.rb:743:in 'ActiveRecord::ConnectionAdapters::AbstractAdapter#log'
    C:/Users/Rober/.gem/ruby/3.4.0/gems/activerecord-7.0.8.7/lib/active_record/connection_adapters/postgresql/database_statements.rb:17:in 'ActiveRecord::ConnectionAdapters::PostgreSQL::DatabaseStatements#query'
    C:/Users/Rober/.gem/ruby/3.4.0/gems/activerecord-7.0.8.7/lib/active_record/connection_adapters/postgresql_adapter.rb:916:in 'ActiveRecord::ConnectionAdapters::PostgreSQLAdapter#column_definitions'
    C:/Users/Rober/.gem/ruby/3.4.0/gems/activerecord-7.0.8.7/lib/active_record/connection_adapters/abstract/schema_statements.rb:117:in 'ActiveRecord::ConnectionAdapters::SchemaStatements#columns'
    C:/Users/Rober/.gem/ruby/3.4.0/gems/activerecord-7.0.8.7/lib/active_record/connection_adapters/schema_cache.rb:117:in 'block in ActiveRecord::ConnectionAdapters::SchemaCache#columns'
    C:/Users/Rober/.gem/ruby/3.4.0/gems/activerecord-7.0.8.7/lib/active_record/connection_adapters/schema_cache.rb:116:in 'Hash#fetch'
    C:/Users/Rober/.gem/ruby/3.4.0/gems/activerecord-7.0.8.7/lib/active_record/connection_adapters/schema_cache.rb:116:in 'ActiveRecord::ConnectionAdapters::SchemaCache#columns'
    C:/Users/Rober/.gem/ruby/3.4.0/gems/activerecord-7.0.8.7/lib/active_record/connection_adapters/schema_cache.rb:125:in 'block in ActiveRecord::ConnectionAdapters::SchemaCache#columns_hash'
    C:/Users/Rober/.gem/ruby/3.4.0/gems/activerecord-7.0.8.7/lib/active_record/connection_adapters/schema_cache.rb:124:in 'Hash#fetch'
    C:/Users/Rober/.gem/ruby/3.4.0/gems/activerecord-7.0.8.7/lib/active_record/connection_adapters/schema_cache.rb:124:in 'ActiveRecord::ConnectionAdapters::SchemaCache#columns_hash'
    C:/Users/Rober/.gem/ruby/3.4.0/gems/activerecord-7.0.8.7/lib/active_record/model_schema.rb:580:in 'ActiveRecord::ModelSchema::ClassMethods#load_schema!'
    C:/Users/Rober/.gem/ruby/3.4.0/gems/activerecord-7.0.8.7/lib/active_record/attributes.rb:264:in 'ActiveRecord::Attributes::ClassMethods#load_schema!'
    C:/Users/Rober/.gem/ruby/3.4.0/gems/activerecord-7.0.8.7/lib/active_record/encryption/encryptable_record.rb:122:in 'ActiveRecord::Encryption::EncryptableRecord::ClassMethods#load_schema!'
    C:/Users/Rober/.gem/ruby/3.4.0/gems/activerecord-7.0.8.7/lib/active_record/model_schema.rb:566:in 'block in ActiveRecord::ModelSchema::ClassMethods#load_schema'
    C:/Users/Rober/.gem/ruby/3.4.0/gems/activerecord-7.0.8.7/lib/active_record/model_schema.rb:563:in 'Monitor#synchronize'
    C:/Users/Rober/.gem/ruby/3.4.0/gems/activerecord-7.0.8.7/lib/active_record/model_schema.rb:563:in 'ActiveRecord::ModelSchema::ClassMethods#load_schema'
    C:/Users/Rober/.gem/ruby/3.4.0/gems/activerecord-7.0.8.7/lib/active_record/model_schema.rb:424:in 'ActiveRecord::ModelSchema::ClassMethods#columns'
    C:/Users/Rober/.gem/ruby/3.4.0/gems/activerecord-7.0.8.7/lib/active_record/model_schema.rb:493:in 'ActiveRecord::ModelSchema::ClassMethods#column_names'
    C:/Users/Rober/.gem/ruby/3.4.0/gems/activerecord-7.0.8.7/lib/active_record/timestamp.rb:64:in 'ActiveRecord::Timestamp::ClassMethods#timestamp_attributes_for_create_in_model'
    C:/Users/Rober/.gem/ruby/3.4.0/gems/activerecord-7.0.8.7/lib/active_record/timestamp.rb:74:in 'ActiveRecord::Timestamp::ClassMethods#all_timestamp_attributes_in_model'
    C:/Users/Rober/.gem/ruby/3.4.0/gems/activerecord-7.0.8.7/lib/active_record/fixture_set/model_metadata.rb:24:in 'ActiveRecord::FixtureSet::ModelMetadata#timestamp_column_names'
    C:/Users/Rober/.gem/ruby/3.4.0/gems/activerecord-7.0.8.7/lib/active_record/fixture_set/table_row.rb:106:in 'ActiveRecord::FixtureSet::TableRow#fill_timestamps'
    C:/Users/Rober/.gem/ruby/3.4.0/gems/activerecord-7.0.8.7/lib/active_record/fixture_set/table_row.rb:88:in 'ActiveRecord::FixtureSet::TableRow#fill_row_model_attributes'
    C:/Users/Rober/.gem/ruby/3.4.0/gems/activerecord-7.0.8.7/lib/active_record/fixture_set/table_row.rb:70:in 'ActiveRecord::FixtureSet::TableRow#initialize'
    C:/Users/Rober/.gem/ruby/3.4.0/gems/activerecord-7.0.8.7/lib/active_record/fixture_set/table_rows.rb:36:in 'Class#new'
    C:/Users/Rober/.gem/ruby/3.4.0/gems/activerecord-7.0.8.7/lib/active_record/fixture_set/table_rows.rb:36:in 'block in ActiveRecord::FixtureSet::TableRows#build_table_rows_from'
    C:/Users/Rober/.gem/ruby/3.4.0/gems/activerecord-7.0.8.7/lib/active_record/fixture_set/table_rows.rb:35:in 'Hash#each'
    C:/Users/Rober/.gem/ruby/3.4.0/gems/activerecord-7.0.8.7/lib/active_record/fixture_set/table_rows.rb:35:in 'Enumerable#map'
    C:/Users/Rober/.gem/ruby/3.4.0/gems/activerecord-7.0.8.7/lib/active_record/fixture_set/table_rows.rb:35:in 'ActiveRecord::FixtureSet::TableRows#build_table_rows_from'
    C:/Users/Rober/.gem/ruby/3.4.0/gems/activerecord-7.0.8.7/lib/active_record/fixture_set/table_rows.rb:18:in 'ActiveRecord::FixtureSet::TableRows#initialize'
    C:/Users/Rober/.gem/ruby/3.4.0/gems/activerecord-7.0.8.7/lib/active_record/fixtures.rb:684:in 'Class#new'
    C:/Users/Rober/.gem/ruby/3.4.0/gems/activerecord-7.0.8.7/lib/active_record/fixtures.rb:684:in 'ActiveRecord::FixtureSet#table_rows'
    C:/Users/Rober/.gem/ruby/3.4.0/gems/activerecord-7.0.8.7/lib/active_record/fixtures.rb:625:in 'block (2 levels) in ActiveRecord::FixtureSet.insert'
    C:/Users/Rober/.gem/ruby/3.4.0/gems/activerecord-7.0.8.7/lib/active_record/fixtures.rb:624:in 'Array#each'
    C:/Users/Rober/.gem/ruby/3.4.0/gems/activerecord-7.0.8.7/lib/active_record/fixtures.rb:624:in 'block in ActiveRecord::FixtureSet.insert'
    C:/Users/Rober/.gem/ruby/3.4.0/gems/activerecord-7.0.8.7/lib/active_record/fixtures.rb:621:in 'Hash#each'
    C:/Users/Rober/.gem/ruby/3.4.0/gems/activerecord-7.0.8.7/lib/active_record/fixtures.rb:621:in 'ActiveRecord::FixtureSet.insert'
    C:/Users/Rober/.gem/ruby/3.4.0/gems/activerecord-7.0.8.7/lib/active_record/fixtures.rb:607:in 'ActiveRecord::FixtureSet.read_and_insert'
    C:/Users/Rober/.gem/ruby/3.4.0/gems/activerecord-7.0.8.7/lib/active_record/fixtures.rb:567:in 'ActiveRecord::FixtureSet.create_fixtures'
    C:/Users/Rober/.gem/ruby/3.4.0/gems/activerecord-7.0.8.7/lib/active_record/test_fixtures.rb:275:in 'ActiveRecord::TestFixtures#load_fixtures'
    C:/Users/Rober/.gem/ruby/3.4.0/gems/activerecord-7.0.8.7/lib/active_record/test_fixtures.rb:125:in 'ActiveRecord::TestFixtures#setup_fixtures'
    C:/Users/Rober/.gem/ruby/3.4.0/gems/activerecord-7.0.8.7/lib/active_record/test_fixtures.rb:10:in 'ActiveRecord::TestFixtures#before_setup'
    C:/Users/Rober/.gem/ruby/3.4.0/gems/activesupport-7.0.8.7/lib/active_support/testing/setup_and_teardown.rb:40:in 'ActiveSupport::Testing::SetupAndTeardown#before_setup'

rails test test/services/assistant_runner_test.rb:127



Finished in 0.191317s, 31.3616 runs/s, 0.0000 assertions/s.
6 runs, 0 assertions, 0 failures, 6 errors, 0 skips
